
#may
#numbers
aaliyah
abbie
abigail
abraham
adah
adam
adan
adeline
adena
adolph
adrian
advento
agnes
agustin
aidan
aimee
ainsley
aisha
alda
alec
alecia
aleen
aleida
alesandra
alex
alexander
alexandra
alexis
alfonso
alida
alison
alix
allen
allena
allisa
allison
alverta
louise
steffen
eberhard
bunyamin
dick
annie
christopher
kieran
alvina
amado
amalia
amber
amelia
andera
angela
angeline
angila
anisha
anita
anitra
anna
annalee
anne
anneliese
annetta
annika
annis
annmarie
anthony
antony
antwan
apryl
ardath
ardella
argelia
arla
arnita
arthur
arturo
ashley
ashlie
ashly
ashlyn
astrid
athena
audrey
audry
august
augustine
avery
awilda
ayanna
bailey
bambi
barbra
barrett
barry
bart
beasley
beatrice
becky
belia
belkis
bella
benny
berenice
berneice
betsey
bettina
betty
bev
bill
billi
billy
blagg
blaine
blanca
blanche
blythe
bo
bob
bolhman
bolhmann
booz
boris
bradley
branda
brandie
breanne
brendon
brett
briana
brianne
britni
brock
buddy
buena
buford
bunny
bylett
cade
caitlyn
caleb
calista
callista
callum
calvin
cam
camden
cameron
camie
camilla
cari
caridad
carie
carin
carl
carleen
carlena
carlene
carlota
carly
carmen
carmina
carolann
caroline
carolyn
caroyln
carylon
caryn
casper
cathern
cayla
cecelia
cecilia
cecille
cedric
cedrick
celesta
chalk
chance
chanda
chanel
chanelle
chantal
chantel
chapman
chara
charissa
charleen
charlena
charlette
charley
charlsie
chase
chasity
cherise
chieko
chloe
chong
chris
christel
christina
christine
christopher
chrystal
cindie
cira
clair
claire
clarence
claud
clelia
clint
clorinda
codi
cody
cole
collin
colton
concepcion
cordia
corie
corine
corinne
cornelius
courtney
cristal
cristie
cristy
crysta
cuc
curtis
cyndi
cynthia
dagny
dalila
dalton
damon
dana
danelle
daniel
danielle
daphne
darla
darlena
darlene
darren
daryl
david
dawna
dayle
dean
debbie
debbra
dedra
deedra
deidre
delia
delicia
delilah
delores
demarcus
denise
dennis
denver
denyse
derek
desembro
desiree
deskent
devora
dexley
diana
dianne
diedre
dierdre
dillon
dinah
dirk
divina
dominic
donnetta
dora
dorian
dorla
dortha
dottie
dotty
dovie
doyle
dusti
earleen
earnest
easter
echo
eddy
edie
edith
edmundo
edward
ehtel
elaine
elana
elayne
eleanor
eleanore
elease
eliana
elidia
elijah
elizabeth
elizebeth
ellie
elna
eloisa
elvera
elyse
emerald
emerson
emilia
emily
emma
emmie
emmy
enda
eneida
eric
erik
erinn
essam
esteban
esther
ethan
ethelyn
ettie
eugenie
eva
eve
everette
ewen
fabio
fabiola
fairy
faith
farley
fausto
fay
fe
federico
felicia
felicity
felisa
fermina
fernande
finn
fletcher
flo
flor
florene
forrest
francene
frances
francesca
franchesca
francie
francisca
francoise
franny
fred
frederic
freeda
frida
frost
gabriel
gabriela
gabriella
gadd
galina
garnett
gary
gaye
gaynell
gearldine
gemma
genaro
genevieve
genna
george
georgeann
georgie
gerald
geralyn
gerardo
geri
germaine
gerry
gertha
gertrud
gidget
giuseppe
gloria
glynis
godwin
golda
goodwin
gordon
grace
graciela
graham
greenwood
griffis
grocott
gustavo
gwyneth
hackman
hae
halley
hallie
hank
hanna
hannah
hans
harisson
harrison
harry
harvey
hayden
heather
heidi
helga
hellen
henry
herb
herminia
heza
hilda
hilde
hillary
hiram
hoa
holley
holly
hope
hopper
hoyt
hue
hye
hyon
ike
ilene
iliana
ima
inez
ione
isabella
isabelle
isiah
ivory
ja
jack
jackie
jackson
jaclyn
jacob
jacquelyn
jacquie
jacqulyn
jade
jameel
james
jamey
jane
janee
janell
janella
janet
janita
jannie
jared
jarod
jarrett
jarvis
jason
jasper
jaymie
jayne
jeanett
jeanine
jeanna
jeanne
jeff
jefferson
jeffrey
jenna
jennell
jennifer
jenny
jeramy
jerrell
jessia
jessica
jewell
jill
joan
joanna
jocelyn
joette
johan
john
johnathan
joleen
jonathan
jonna
jordan
jordon
jorge
jose
josefa
joseph
josh
joshua
joy
joye
juan
juanita
jude
judie
jule
julian
juliana
juliane
juliann
julietta
juliette
june
justin
justine
kacey
kacie
kaley
kalyn
kam
kamine
kandace
kandi
kara
karin
karma
karmen
karri
kasie
kate
kathern
kathleen
kathrine
kathryne
kathy
katie
katy
kaye
kayla
kaylee
kazuko
keeley
keenan
keila
kena
kendra
keneth
kenisha
kenny
kenyetta
kera
kerli
kerry
kevin
kiesha
killian
kim
kimberley
kimiko
kira
kittie
krista
kristen
kristie
kristofer
kristopher
krystina
kurtis
kylee
lacey
lachelle
ladar
lady
lai
lakeshia
lakiesha
lana
lance
lanette
lang
lanita
laraine
larhonda
larry
lashawna
latarsha
latoyia
latricia
lauran
laureen
laurel
lauren
laurena
laurence
laurie
lavada
leanora
lecia
leda
lee
leesa
leia
leif
leighann
leisha
leland
lelia
lemuel
lennie
lenny
lenora
leonard
leone
leonie
leonila
lesya
letha
levi
lewis
lezlie
liam
liana
ligia
liliana
lilli
lina
lindley
lindsy
linnie
lisa
lissa
liu
livia
lizbeth
lizeth
lomba
lorelei
lorenzo
loreta
loria
lorretta
lory
lovella
lovie
luba
lucas
lucienne
lucila
lucile
luetta
luis
luke
lupe
luvenia
lynn
madaline
madeleine
madison
madlyn
mae
magen
maggie
maia
malisa
malorie
maltilda
manuela
maragret
marcela
marcelle
maren
margareta
maria
mariah
marian
marianne
marinda
marisela
marisha
mark
marlen
marlin
marline
marlon
marni
marquetta
marquitta
marshalls
martin
marvis
mary
maryland
marylin
marylou
maryrose
mason
matilda
matthew
maurine
mayola
mccabe
mccuteon
mckenna
mckenzie
mckinley
meaghan
meg
meghan
melania
melisa
mellissa
mello
mercedes
merino
merle
merrill
merry
mia
mica
micha
michael
michelle
michiko
mike
milda
miles
millard
mille
miller
millie
milo
ming
mireille
mirella
misha
mist
mistie
mitch
mitchell
mitzi
miyoko
mohammad
monica
mora
mozelle
muggah
muriel
myong
myriam
na
nadia
nadine
nakisha
nancee
nancey
narcisa
nathalie
nathan
necole
nedra
nettie
ngoc
nia
nick
nickie
nicky
nieves
niki
nikia
nikita
nilda
ninfa
noelia
norah
norberto
nova
ochoa
oliva
oliver
olivia
ollie
onit
onwing
oralia
orlando
pa
paige
pansy
paris
pasty
patrick
pattie
paulene
paulina
pearl
pearly
peggy
pei
penni
penny
percy
perla
perry
peyton
phil
ping
piper
polly
porfirio
primrose
queen
quentin
rachel
rachele
raeann
raelene
rain
randell
randle
rasheeda
raylene
reagan
reatha
rebecca
refugio
regena
regenia
regine
reilly
renee
reyna
rhoda
rhonda
rhys
ricardo
richie
rikki
riley
robbi
robert
roberta
rocio
rodger
rodrigo
roger
roma
romona
ron
ronald
ronna
ronni
rosa
rosaline
rosanna
rosaria
rosario
rose
roseann
rosetta
roslyn
ross
rossie
rozella
ruben
rueben
rufus
rushlo
russel
ruth
ruthann
ryann
sabina
sabine
sabra
sabrina
sadie
saige
saiz
salina
salvador
sam
samantha
sammy
samuel
sandy
sang
santana
sara
sarah
sasha
savannah
scott
seamus
sean
selina
serena
seth
sha
shandra
shane
shanks
shanna
shantelle
shanti
shaquita
sharee
sharie
sharon
sharonda
shauna
shawn
shawnee
shawnta
sheila
sheldon
shella
shelly
shelton
sheridan
sherline
sherly
sherrell
sherrie
shirlene
shirly
siaz
sid
silvana
sima
simona
sina
sindy
skye
smith
snow
so
sofia
sol
solange
sona
sonya
sophia
soraya
spencer
stacee
stacey
stanton
stark
steff
steffani
stein
stellar
stepanie
stephania
stephanie
stephine
steve
steven
stevie
stocker
stockman
strout
stuart
susan
susanna
susanne
suzi
tai
takisha
tamera
tandy
tanesha
tara
tari
taryn
tawana
tawanna
taylor
ted
tellimy
tenisha
terina
terrilyn
tess
thad
thao
thomas
thor
thu
tiara
tien
tiffany
timmy
tina
tish
todd
toi
tommie
tonette
tonie
torres
towanda
toya
tracy
treva
trinity
tyler
tynisha
uribe
ute
uyemoto
valentine
van
vanessa
vanna
vannesa
vena
veola
verena
verlie
vernita
vicenta
victoria
villa
vilma
vincent
vinita
virgil
viva
vivian
voncile
vue
wallace
waltraud
waneta
wanetta
ward
warren
waylon
weaver
wendell
wendi
weston
wihelmina
wilburn
wilda
wilhelmina
willia
william
willian
wilson
winona
woodrow
xiomara
xochitl
xuan
yan
yang
yasmin
yelena
yuko
yung
yvette
zachary
zackary
zelda
zena
zoila
zonia
zula
zulma
