
#cloud
#hands
#may
#numbers
#treat
#well
#work
abigail
aburto
ackerman
acosta
adam
advento
ager
agtarap
ahn
aiello
alberty
aldinger
alexander
alicea
almeida
almonte
alred
alvarenga
amero
ammons
amore
amsden
andrews
angel
annson
antone
antonio
antonucci
apolinar
arline
armes
armor
aronowitz
arterburn
asay
ashman
astin
ater
august
authement
auvil
auyeung
avery
axford
azar
azure
babineau
babineaux
bachus
backstrom
badeaux
bailer
baity
bakker
balis
banuelos
bara
barbosa
bard
barger
barrows
battles
baughn
bax
beamon
beasley
beckman
beckmann
bedgood
belisle
bellah
bembry
benavente
bent
berge
bertone
bertram
bhatt
bickers
bickley
bill
binney
bisbee
bischoff
bjorklund
blagg
bloomer
bockhahn
bodin
bogard
boger
boler
bolhman
bolhmann
bollin
bologna
bonacci
bonavita
borg
borger
bormann
born
bose
bosket
bossert
botkin
bouchard
bounds
bourget
bousquet
bowe
bowens
boyden
brack
bramhall
brayton
brazzell
breeding
brenner
breshears
brianne
brick
bridger
brisson
brittain
brixey
broadhead
broadhurst
broadwell
brockett
brown
brownell
brownstein
brummond
buchanon
buford
bulger
bunce
burbridge
burditt
burdo
burgoyne
burlison
burpee
burrill
burrus
buscher
buser
bush
bushee
bushway
buttram
byer
bylett
cabrales
cade
calahan
calderwood
camara
camargo
cane
canon
canter
cantos
capell
cardin
carley
caruso
casper
castaneda
casterline
cater
cavalier
caver
caverly
celentano
chace
chadwick
chalk
chantal
chapman
chapple
charette
charley
charters
chavers
cheney
chico
chojnacki
chouinard
christie
chung
churchill
cienfuegos
cipriani
claire
clapper
claro
claypool
clayson
cleary
cleaves
clift
clinger
closson
cluck
coder
cogar
cole
colegrove
collett
collom
colmenero
colombo
cooley
cooper
corbett
corso
cortese
cotnoir
cousar
cowboy
crafts
cranston
crepeau
crigler
crippen
criss
crook
crossen
crumpton
cueva
cundiff
cunniff
cutler
cutlip
dahlman
dahms
dalman
dangelo
daniels
dantin
darner
dart
david
davis
deak
dean
debarge
debord
debose
decamp
degoria
degraffenreid
deininger
delacruz
delagarza
delaney
deleeuw
delk
delmonte
demers
denken
deppe
desembro
deskent
desmond
detrick
detty
devinney
dexley
dillion
dimond
doh
dombrosky
domingo
donati
doody
drewry
driscoll
drown
drury
dubin
duck
duhon
dungan
dupree
dyches
earls
ebeling
ebinger
edmondson
eichman
eide
ellington
ellsberg
elridge
elyse
erwin
essam
everly
ewen
eyler
fabre
faith
faizal
fales
fall
faller
fancher
farabaugh
farah
farley
faux
fay
federrath
feiler
feinstein
felker
fergerson
ferrante
fesler
fickel
filip
filkins
flanagan
flannigan
fleisher
footman
ford
fort
forte
fortner
fortuna
fredericks
fremont
friar
fromm
frost
fulcher
futch
gadd
gade
gagne
gaier
gallego
gallimore
gallow
galyean
gambino
garnett
garvin
gassner
gates
gaudet
gaumer
gauthier
genao
genkins
genny
gensler
gerry
gerth
gibbs
gibby
giffen
gildersleeve
gilham
gillenwater
gillmore
ginther
gish
glancy
godwin
golay
golston
goodnight
goodwin
gordon
gorham
gott
graden
graham
grainger
granier
gravelle
grays
green
greeno
greenwood
grewell
grieco
griffis
grocott
grow
guadarrama
gulbranson
gutshall
hackenberg
hackman
hadley
hagood
hague
hallee
ham
hamilton
hamingson
hammon
han
hance
hanke
hannah
hannes
hannold
hanson
hardage
hardee
hargrave
harley
harrison
harriston
harshbarger
hart
hartmann
harvey
hassel
haughton
hayden
haye
hedin
hedman
heiman
heineman
heisey
heist
helin
helland
henley
henry
henton
herfer
hermann
heskett
heza
hiends
hilderbrand
hilker
hinds
hiser
hodes
hodgdon
hogans
holder
hone
hooks
hope
hopper
horiuchi
horman
howser
huggett
huie
humbertson
hummell
hunsberger
hunt
hunziker
hutter
ignacio
inglis
ishii
islam
issac
jade
jaffer
james
jameson
jane
jansky
janson
jarvis
jaywald
jenings
jent
jessica
jessop
joan
joans
johan
johanson
johnsen
johnsrud
jonas
jonathan
jones
joy
june
jurgens
justiniano
kadlec
kahill
kappeler
kardos
kate
keagle
keaney
keele
kelleher
kellough
kells
kelly
kembal
kemeco
kennerly
kenwald
keppel
kieffer
kimbrough
kinch
kinsel
kirch
kirkendoll
kitterman
klass
klein
klem
klock
kluth
knights
knopf
knuckles
knutsen
koh
koran
kraushaar
kravetz
kreitzer
kroeger
kubacki
kucherena
kugel
kwon
labrecque
labrie
lacayo
ladue
lafler
laird
lamacchia
lamar
lamarre
lapeyrouse
lares
larry
lauber
laurich
law
laws
layne
ledoux
lee
leedom
lehrer
leigh
leis
lenz
leonie
lepage
lesly
levert
levi
levison
levisonruth
liao
liberatore
light
lindblad
lino
lisenby
little
liu
lo
loan
lobue
lomba
longoria
losee
lou
lounsbury
lowry
lowther
lucas
lucious
lugo
luis
lusk
lynn
maass
macaskill
macintosh
maclin
madero
madril
maines
major
malbon
mallette
maltilda
mandel
mangum
mannella
manning
manzano
marino
maris
marmo
marra
mars
marse
marshall
marshalls
marson
martin
martinap
martinez
marty
mascorro
mason
masse
mathison
matilda
mattoon
mazzella
mccaa
mccabe
mccarthy
mcclintic
mccoy
mccrae
mccright
mccully
mccutchen
mccuteon
mcdoe
mcduff
mcewen
mcfadden
mcgivney
mcglamery
mcguffin
mchill
mckenna
mckinley
mclester
mcluhan
mcmanus
mcmickle
mcmunn
mcquarrie
mehring
meiers
mello
melnyk
merino
meritt
metekka
micheals
michigan
miguire
miles
milholland
millay
mille
miller
millspaugh
min
minier
mirelez
mist
mitchell
mitchener
moad
mohney
moitoso
mojica
moller
monnin
montalbo
montesdeoca
montesinos
montez
moreira
morena
morneau
morones
mose
mosteller
mounce
moxley
mudge
muggah
mukasey
munger
napier
natividad
nees
nehls
nicole
niemiec
noles
noll
nordeen
northon
norton
novello
nuss
nutter
nyman
obama
oberholtzer
ochoa
officer
ohanlon
olvera
onit
onorato
onwing
oppenheim
oritz
osborn
ottesen
outten
owusu
paavola
pae
paige
parker
parodi
parras
patrick
pauline
paull
peake
pearl
pellot
pena
pendergrass
penniman
pennywell
pentz
perdomo
perham
perlmutter
perone
perry
petroff
pettus
pettway
pflum
phan
picken
pinkett
pinzon
pires
pitt
placek
pofalla
poffenberger
pohl
polak
polin
pollan
pollard
poorman
porche
posner
preece
presti
prickett
primer
primrose
prine
pruitt
pugsley
pulice
punch
putin
quail
queen
quinones
rae
rafael
rain
rainbolt
ramsden
randle
rappold
rasco
rathke
ravenell
rayner
reagle
reaves
rebelo
reddix
reeves
reighard
reilly
remsen
renda
renee
renzi
restrepo
rhames
rhode
rhys
ricci
rickman
rideaux
rielly
rigg
riley
risher
ritacco
riveria
roberge
robinson
rockefeller
rockmore
rockwood
roda
rodes
rogers
rohe
rolence
rolfes
rolston
rood
rose
rosenberg
ross
rossignol
royall
ruch
ruge
rupert
ruppert
rushlo
russel
ruth
saathoff
saechao
saige
sailer
saiz
saks
sally
saltzman
samuel
sanchez
sanderson
sandiego
sandler
sanjuan
santore
sauceda
sauseda
sauve
sawin
schaefer
schaper
schauwecker
scheel
schleusner
scholl
scholz
schoonmaker
schultz
schuster
scofield
scott
scudder
seay
seegmiller
segarra
segawa
seibel
selden
selina
sells
semien
seng
sergent
serrao
shah
shanks
sharples
shay
sheldon
shemwell
shenk
shepley
sherrick
shetley
shiley
shimer
shira
shoeburg
siaz
silversmith
sinner
sipp
sisto
sleet
slemp
slovinsky
smith
snow
snowden
soderberg
sofia
soileau
solis
sollars
sontworth
spano
sparano
spear
speirs
spencer
spiess
springer
stacker
stalcup
stallworth
stalzer
stamp
stamps
stark
steadham
stecker
stefanik
steffani
steffensmeier
stegner
stein
stellhorn
stiltner
stimpson
stocker
stockman
stoehr
stone
stonecipher
storey
storment
strain
strand
stribling
strobel
strobl
stroope
strout
stuert
styron
suder
sudler
sulzer
suriel
sutter
swearngin
swindler
ahlberg
truve
swindoll
dodd
maher
glazer
west
brennan
mueller
sundaram
glazer
litan
shearer
stephens
howell
holden
syring
syverson
tadlock
tait
talamantes
talavera
tauber
taylor
teixeira
stole
alterson
versace
caselnova
mcluhan
tellimy
templeton
thibodaux
thiem
thomas
thor
thornsberry
tibbetts
tillson
timmer
tincher
tippins
toland
toomer
torres
tosi
touchette
tower
trainer
trejo
trezza
tripp
true
truex
tully
tung
turner
udall
uhlig
uribe
urquhart
uyemoto
valazquez
valenza
valera
vallejo
valley
valliere
vanallen
vandenberg
vandermeulen
vanvalkenburg
vara
vassell
venne
verdi
victorine
villa
vincent
violet
viruet
vogelsang
vue
wadkins
wages
waguespack
wainstein
wald
wallen
walley
walser
walsh
walts
wardon
warren
washer
wasinger
watt
watts
wayt
weaver
wellman
westphal
wetzler
wharram
white
wickham
widener
widman
wilcox
willner
wilmore
wilner
wilson
wind
windom
wink
winkle
winslett
wolford
wolfson
wurster
wyden
wysocki
yopp
zebrowski
zell
zemke
zinke
zuccaro
zurita
